Starting PasteBridge...
ICU4X data error: No segmentation model for language: ja
ICU4X data error: No segmentation model for language: ja
ICU4X data error: No segmentation model for language: ja
ICU4X data error: No segmentation model for language: ja
ICU4X data error: No segmentation model for language: ja
ICU4X data error: No segmentation model for language: ja
[config] Loaded theme: dark
[focus] Mouse hover focus setting changed to: false
[config] Loaded mouse-hover-focus: false
[config] Loaded pinned: true
[core:clipboard] Monitoring thread started
[core:clipboard] Clipboard initialized
[tooltip] Z-order monitor started
About to run app...
[popup] Tooltip popup window created
[dummy] Could not get window handle (window not realized yet): NotSupported
[api] API server listening on http://127.0.0.1:18792
ICU4X data error: No segmentation model for language: ja
ICU4X data error: No segmentation model for language: ja
ICU4X data error: No segmentation model for language: ja
ICU4X data error: No segmentation model for language: ja
ICU4X data error: No segmentation model for language: ja
ICU4X data error: No segmentation model for language: ja
[sync] skip corrupt PNG (255360 bytes): C:\Users\Administrator\AppData\Local\PasteBridge\images/11aaedbcc1db08f6.png
ICU4X data error: No segmentation model for language: ja
ICU4X data error: No segmentation model for language: ja
ICU4X data error: No segmentation model for language: ja
ICU4X data error: No segmentation model for language: ja
ICU4X data error: No segmentation model for language: ja
ICU4X data error: No segmentation model for language: ja
ICU4X data error: No segmentation model for language: ja
ICU4X data error: No segmentation model for language: ja
ICU4X data error: No segmentation model for language: ja
ICU4X data error: No segmentation model for language: ja
ICU4X data error: No segmentation model for language: ja
ICU4X data error: No segmentation model for language: ja
ICU4X data error: No segmentation model for language: ja
ICU4X data error: No segmentation model for language: ja
ICU4X data error: No segmentation model for language: ja
ICU4X data error: No segmentation model for language: ja
ICU4X data error: No segmentation model for language: ja
ICU4X data error: No segmentation model for language: ja
ICU4X data error: No segmentation model for language: ja
ICU4X data error: No segmentation model for language: ja
ICU4X data error: No segmentation model for language: ja
ICU4X data error: No segmentation model for language: ja
ICU4X data error: No segmentation model for language: ja
ICU4X data error: No segmentation model for language: ja
ICU4X data error: No segmentation model for language: ja
ICU4X data error: No segmentation model for language: ja
ICU4X data error: No segmentation model for language: ja
ICU4X data error: No segmentation model for language: ja
ICU4X data error: No segmentation model for language: ja
ICU4X data error: No segmentation model for language: ja
ICU4X data error: No segmentation model for language: ja
ICU4X data error: No segmentation model for language: ja
ICU4X data error: No segmentation model for language: ja
ICU4X data error: No segmentation model for language: ja
ICU4X data error: No segmentation model for language: ja
ICU4X data error: No segmentation model for language: ja
copy-item: image id=208, path=C:\Users\Administrator\AppData\Local\PasteBridge\images/600950451a7d3d1f.png
[tooltip] Show simple tooltip at (1581, 1222): 图片已复制
set_clipboard_image: wrote 336x190 image from C:\Users\Administrator\AppData\Local\PasteBridge\images/600950451a7d3d1f.png (attempt 2)
[core:clipboard] Skip self-written image (255360 bytes)
[core:clipboard] Detected self-write, resynced baselines
[core:clipboard] New image detected: 336x190, 95761 bytes PNG (raw RGBA 255360 bytes)
[core:clipboard] Image stored id=208 path=images/600950451a7d3d1f.png
[sync] skip corrupt PNG (255360 bytes): C:\Users\Administrator\AppData\Local\PasteBridge\images/11aaedbcc1db08f6.png
copy-item: image id=204, path=C:\Users\Administrator\AppData\Local\PasteBridge\images/268c5df31d15ddd5.png
[tooltip] Show simple tooltip at (1586, 1077): 图片已复制
set_clipboard_image: wrote 336x190 image from C:\Users\Administrator\AppData\Local\PasteBridge\images/268c5df31d15ddd5.png (attempt 3)
[core:clipboard] Detected self-write, resynced baselines
copy-item: image id=205, path=C:\Users\Administrator\AppData\Local\PasteBridge\images/00a47ce8eec3c62b.png
[tooltip] Show simple tooltip at (1587, 1015): 图片已复制
set_clipboard_image: wrote 336x190 image from C:\Users\Administrator\AppData\Local\PasteBridge\images/00a47ce8eec3c62b.png (attempt 3)
[core:clipboard] Detected self-write, resynced baselines
copy-item: image id=205, path=C:\Users\Administrator\AppData\Local\PasteBridge\images/00a47ce8eec3c62b.png
[tooltip] Show simple tooltip at (1598, 1001): 图片已复制
set_clipboard_image: wrote 336x190 image from C:\Users\Administrator\AppData\Local\PasteBridge\images/00a47ce8eec3c62b.png (attempt 2)
[core:clipboard] Detected self-write, resynced baselines
copy-item: image id=204, path=C:\Users\Administrator\AppData\Local\PasteBridge\images/268c5df31d15ddd5.png
[tooltip] Show simple tooltip at (1560, 1152): 图片已复制
set_clipboard_image: wrote 336x190 image from C:\Users\Administrator\AppData\Local\PasteBridge\images/268c5df31d15ddd5.png (attempt 1)
[core:clipboard] Detected self-write, resynced baselines
copy-item: image id=203, path=C:\Users\Administrator\AppData\Local\PasteBridge\images/11aaedbcc1db08f6.png
[tooltip] Show simple tooltip at (1571, 1147): 图片已复制
set_clipboard_image: invalid PNG signature for C:\Users\Administrator\AppData\Local\PasteBridge\images/11aaedbcc1db08f6.png (len=255360 bytes)
copy-item: image id=206, path=C:\Users\Administrator\AppData\Local\PasteBridge\images/c9d5a746668d7374.png
[tooltip] Show simple tooltip at (1596, 960): 图片已复制
set_clipboard_image: wrote 336x190 image from C:\Users\Administrator\AppData\Local\PasteBridge\images/c9d5a746668d7374.png (attempt 1)
[core:clipboard] Detected self-write, resynced baselines
copy-item: image id=207, path=C:\Users\Administrator\AppData\Local\PasteBridge\images/79dfd3e5216b6fc1.png
[tooltip] Show simple tooltip at (1598, 728): 图片已复制
set_clipboard_image: wrote 336x190 image from C:\Users\Administrator\AppData\Local\PasteBridge\images/79dfd3e5216b6fc1.png (attempt 2)
[core:clipboard] Detected self-write, resynced baselines
copy-item: image id=206, path=C:\Users\Administrator\AppData\Local\PasteBridge\images/c9d5a746668d7374.png
[tooltip] Show simple tooltip at (1627, 939): 图片已复制
set_clipboard_image: failed after 5 attempts: set_image: Unknown error while interacting with the clipboard: SetClipboardData failed with error: 线程没有打开的剪贴板。 (os error 1418) (path=C:\Users\Administrator\AppData\Local\PasteBridge\images/c9d5a746668d7374.png)
copy-item: image id=206, path=C:\Users\Administrator\AppData\Local\PasteBridge\images/c9d5a746668d7374.png
[tooltip] Show simple tooltip at (1627, 939): 图片已复制
copy-item: image id=206, path=C:\Users\Administrator\AppData\Local\PasteBridge\images/c9d5a746668d7374.png
[tooltip] Show simple tooltip at (1627, 939): 图片已复制
set_clipboard_image: wrote 336x190 image from C:\Users\Administrator\AppData\Local\PasteBridge\images/c9d5a746668d7374.png (attempt 2)
[core:clipboard] Skip self-written image (255360 bytes)
set_clipboard_image: wrote 336x190 image from C:\Users\Administrator\AppData\Local\PasteBridge\images/c9d5a746668d7374.png (attempt 1)
[core:clipboard] Detected self-write, resynced baselines
copy-item: image id=206, path=C:\Users\Administrator\AppData\Local\PasteBridge\images/c9d5a746668d7374.png
[tooltip] Show simple tooltip at (1620, 936): 图片已复制
set_clipboard_image: failed after 5 attempts: set_image: Unknown error while interacting with the clipboard: SetClipboardData failed with error: 线程没有打开的剪贴板。 (os error 1418) (path=C:\Users\Administrator\AppData\Local\PasteBridge\images/c9d5a746668d7374.png)
copy-item: image id=205, path=C:\Users\Administrator\AppData\Local\PasteBridge\images/00a47ce8eec3c62b.png
[tooltip] Show simple tooltip at (1627, 1210): 图片已复制
set_clipboard_image: wrote 336x190 image from C:\Users\Administrator\AppData\Local\PasteBridge\images/00a47ce8eec3c62b.png (attempt 2)
[core:clipboard] Detected self-write, resynced baselines
copy-item: image id=206, path=C:\Users\Administrator\AppData\Local\PasteBridge\images/c9d5a746668d7374.png
[tooltip] Show simple tooltip at (1640, 1036): 图片已复制
set_clipboard_image: wrote 336x190 image from C:\Users\Administrator\AppData\Local\PasteBridge\images/c9d5a746668d7374.png (attempt 3)
[core:clipboard] Detected self-write, resynced baselines
Quit requested, exiting application...
